// Jest Snapshot v1, https://goo.gl/fbAQLP

exports[`Routes component should render Routes component 1`] = `
<DocumentFragment>
  <div
    class="sc-fzqNJr kCErZm"
  >
    <h2
      class="sc-fzoXzr duSvhA"
    >
      Codes Green Ltd
    </h2>
    <div
      class="sc-fzoyAV kFPzDM"
    >
      <a
        aria-current="page"
        class="sc-fzoLag fYSjLH active-link"
        href="/"
      >
        Home
      </a>
      <a
        class="sc-fzoLag fYSjLH"
        href="/work"
      >
        Work
      </a>
      <a
        class="sc-fzoLag fYSjLH"
        href="/demo"
      >
        Demo
      </a>
      <a
        class="sc-fzoLag fYSjLH"
        href="/contact"
      >
        Contact
      </a>
    </div>
    <div
      class="sc-fznZeY eSWYwe"
    >
      <img
        alt=""
        class="sc-AxjAm fqTcMn"
        radius="100%"
        src="https://naomi-assets.s3.eu-west-2.amazonaws.com/me.jpg"
        width="150px"
      />
      <div
        class="sc-fznKkj fTmqWG"
      >
        <p>
          I’m Naomi Prescod-Green, a Full Stack JavaScript Contractor and founder of Codes Green Ltd. 
          <br />
           
I have a Computer Science background and specialise in React, Vanilla and Node JavaScript. 
          <br />
           
I enjoy working on complex projects that test my skills and teach me new approaches to software 
development.
        </p>
      </div>
    </div>
    <footer
      class="sc-fznyAO YbCdE"
    >
      <p>
        © Codes Green Ltd 
      </p>
    </footer>
  </div>
</DocumentFragment>
`;
